D:/vatek/master/vatek_sdk_2/api/core/src/core/storage_section.c:39:14:storage_section_check_tag	40	static
D:/vatek/master/vatek_sdk_2/api/core/src/core/storage_section.c:54:14:storage_section_check_loader	32	static
D:/vatek/master/vatek_sdk_2/api/core/src/core/storage_section.c:63:14:storage_section_get_loader	32	static
D:/vatek/master/vatek_sdk_2/api/core/src/core/storage_section.c:80:14:storage_section_check_app	32	static
D:/vatek/master/vatek_sdk_2/api/core/src/core/storage_section.c:89:14:storage_section_get_app	32	static
D:/vatek/master/vatek_sdk_2/api/core/src/core/storage_section.c:107:15:storage_section_set_loader	24	static
D:/vatek/master/vatek_sdk_2/api/core/src/core/storage_section.c:122:14:storage_section_set_app	24	static
D:/vatek/master/vatek_sdk_2/api/core/src/core/storage_section.c:139:6:storage_broadcast_reset	16	static
D:/vatek/master/vatek_sdk_2/api/core/src/core/storage_section.c:152:6:audio_param_reset	16	static
D:/vatek/master/vatek_sdk_2/api/core/src/core/storage_section.c:157:6:mpeg2_param_reset	16	static
D:/vatek/master/vatek_sdk_2/api/core/src/core/storage_section.c:166:6:h264_param_reset	16	static
D:/vatek/master/vatek_sdk_2/api/core/src/core/storage_section.c:171:14:storage_section_put_resource	48	static
D:/vatek/master/vatek_sdk_2/api/core/src/core/storage_section.c:199:14:storage_section_get_resource	32	static
D:/vatek/master/vatek_sdk_2/api/core/src/core/storage_section.c:221:14:storage_broadcast_set	32	static
D:/vatek/master/vatek_sdk_2/api/core/src/core/storage_section.c:254:14:storage_broadcast_get	32	static
D:/vatek/master/vatek_sdk_2/api/core/src/core/storage_section.c:286:6:storage_transform_reset	16	static
D:/vatek/master/vatek_sdk_2/api/core/src/core/storage_section.c:291:14:storage_transform_set	32	static
D:/vatek/master/vatek_sdk_2/api/core/src/core/storage_section.c:304:14:storage_transform_get	32	static
D:/vatek/master/vatek_sdk_2/api/core/src/core/storage_section.c:315:6:storage_r2tune_reset	16	static
D:/vatek/master/vatek_sdk_2/api/core/src/core/storage_section.c:320:14:storage_r2tune_set	40	static
D:/vatek/master/vatek_sdk_2/api/core/src/core/storage_section.c:360:14:storage_r2tune_get	40	static
D:/vatek/master/vatek_sdk_2/api/core/src/core/storage_section.c:412:6:storage_chip_config_reset	3840	static
D:/vatek/master/vatek_sdk_2/api/core/src/core/storage_section.c:432:14:storage_chip_config_set	32	static
D:/vatek/master/vatek_sdk_2/api/core/src/core/storage_section.c:457:14:storage_chip_config_get	32	static
D:/vatek/master/vatek_sdk_2/api/core/src/core/storage_section.c:479:14:section_put_start	32	static
D:/vatek/master/vatek_sdk_2/api/core/src/core/storage_section.c:489:14:section_get_start	56	static
D:/vatek/master/vatek_sdk_2/api/core/src/core/storage_section.c:512:14:section_put_end	16	static
D:/vatek/master/vatek_sdk_2/api/core/src/core/storage_section.c:519:14:section_put_ui_props	40	static
D:/vatek/master/vatek_sdk_2/api/core/src/core/storage_section.c:534:14:section_get_ui_props	40	static
D:/vatek/master/vatek_sdk_2/api/core/src/core/storage_section.c:548:14:section_put_modulator	24	static
D:/vatek/master/vatek_sdk_2/api/core/src/core/storage_section.c:558:14:section_get_modulator	24	static
D:/vatek/master/vatek_sdk_2/api/core/src/core/storage_section.c:568:14:section_put_mpeg2	24	static
D:/vatek/master/vatek_sdk_2/api/core/src/core/storage_section.c:577:14:section_get_mpeg2	24	static
D:/vatek/master/vatek_sdk_2/api/core/src/core/storage_section.c:586:14:section_put_h264	24	static
D:/vatek/master/vatek_sdk_2/api/core/src/core/storage_section.c:595:14:section_get_h264	24	static
D:/vatek/master/vatek_sdk_2/api/core/src/core/storage_section.c:604:14:section_put_chip_config	24	static
D:/vatek/master/vatek_sdk_2/api/core/src/core/storage_section.c:628:14:section_get_chip_config	24	static
D:/vatek/master/vatek_sdk_2/api/core/src/core/storage_section.c:647:14:section_put_modulation_config	32	static
D:/vatek/master/vatek_sdk_2/api/core/src/core/storage_section.c:667:14:section_get_modulation_config	32	static
