D:/SDK/Code/SDK_master_20220111/master/vatek_sdk_2/api/core/inc/mux/mux_define.h:311:21:mux_clock_append	48	static
D:/vatek/master/vatek_sdk_2/api/core/src/core/tool_output.c:26:14:tool_output_clock_create	24	static
D:/vatek/master/vatek_sdk_2/api/core/src/core/tool_output.c:39:14:tool_output_clock_create_mempool	32	static
D:/vatek/master/vatek_sdk_2/api/core/src/core/tool_output.c:52:14:tool_output_clock_config	32	static
D:/vatek/master/vatek_sdk_2/api/core/src/core/tool_output.c:78:6:tool_output_clock_set_tick	24	static
D:/vatek/master/vatek_sdk_2/api/core/src/core/tool_output.c:84:14:tool_output_clock_get_pcrpacket	32	static
D:/vatek/master/vatek_sdk_2/api/core/src/core/tool_output.c:109:6:tool_output_clock_adjust_tick	24	static
D:/vatek/master/vatek_sdk_2/api/core/src/core/tool_output.c:115:17:tool_output_clock_append	32	static
D:/vatek/master/vatek_sdk_2/api/core/src/core/tool_output.c:148:17:tool_output_clock_get_tick	80	static
D:/vatek/master/vatek_sdk_2/api/core/src/core/tool_output.c:172:14:tool_output_clock_reset	32	static
D:/vatek/master/vatek_sdk_2/api/core/src/core/tool_output.c:196:6:tool_output_clock_free	24	static
