D:/vatek/master/vatek_sdk_2/api/core/src/core/tool_dvb_t2.c:136:14:tool_dvb_t2_frame_reset	104	static
D:/vatek/master/vatek_sdk_2/api/core/src/core/tool_dvb_t2.c:161:10:tool_dvb_t2_get_bitrate	112	static
D:/vatek/master/vatek_sdk_2/api/core/src/core/tool_dvb_t2.c:181:14:tool_dvb_t2_check_param	64	static
D:/vatek/master/vatek_sdk_2/api/core/src/core/tool_dvb_t2.c:251:14:tool_dvb_t2_get_symbol_nums	32	static
D:/vatek/master/vatek_sdk_2/api/core/src/core/tool_dvb_t2.c:267:14:tool_dvb_t2_get_symbol_nums_max	32	static
D:/vatek/master/vatek_sdk_2/api/core/src/core/tool_dvb_t2.c:282:14:tool_dvb_t2_get_fecblock_nums	24	static
D:/vatek/master/vatek_sdk_2/api/core/src/core/tool_dvb_t2.c:291:6:tool_dvb_t2_get_cell	24	static
D:/vatek/master/vatek_sdk_2/api/core/src/core/tool_dvb_t2.c:323:9:tool_dvb_t2_get_L1_size	24	static
D:/vatek/master/vatek_sdk_2/api/core/src/core/tool_dvb_t2.c:330:9:tool_dvb_t2_get_n_punc	16	static
D:/vatek/master/vatek_sdk_2/api/core/src/core/tool_dvb_t2.c:335:9:t2_get_frame_cells_data	24	static
D:/vatek/master/vatek_sdk_2/api/core/src/core/tool_dvb_t2.c:343:10:t2_get_total_carrier	24	static
D:/vatek/master/vatek_sdk_2/api/core/src/core/tool_dvb_t2.c:355:10:t2_get_symbol_carrier	24	static
