D:/vatek/master/vatek_sdk_2/api/core/src/core/ui_props_api.c:12:14:ui_props_set_uint32	24	static
D:/vatek/master/vatek_sdk_2/api/core/src/core/ui_props_api.c:22:14:ui_props_get_uint32	24	static
D:/vatek/master/vatek_sdk_2/api/core/src/core/ui_props_api.c:32:14:ui_props_set_strbuf	32	static
D:/vatek/master/vatek_sdk_2/api/core/src/core/ui_props_api.c:40:14:ui_props_get_strbuf	32	static
D:/vatek/master/vatek_sdk_2/api/core/src/core/ui_props_api.c:48:14:ui_props_get_strbuf_len	16	static
D:/vatek/master/vatek_sdk_2/api/core/src/core/ui_props_api.c:55:21:ui_props_check_values	24	static
D:/vatek/master/vatek_sdk_2/api/core/src/core/ui_props_api.c:69:6:ui_props_get_value_str	48	static
D:/vatek/master/vatek_sdk_2/api/core/src/core/ui_props_api.c:104:13:ui_props_get_type_str	24	static
D:/vatek/master/vatek_sdk_2/api/core/src/core/ui_props_api.c:129:10:ui_prop_get_uint32	48	static
D:/vatek/master/vatek_sdk_2/api/core/src/core/ui_props_api.c:143:6:ui_prop_set_uint32	48	static
D:/vatek/master/vatek_sdk_2/api/core/src/core/ui_props_api.c:157:13:ui_prop_get_select	24	static
D:/vatek/master/vatek_sdk_2/api/core/src/core/ui_props_api.c:169:14:ui_prop_check	24	static
D:/vatek/master/vatek_sdk_2/api/core/src/core/ui_props_api.c:181:14:check_value_select	24	static
D:/vatek/master/vatek_sdk_2/api/core/src/core/ui_props_api.c:195:14:check_value_checkbox	24	static
D:/vatek/master/vatek_sdk_2/api/core/src/core/ui_props_api.c:209:14:ui_props_read_hal	56	static
D:/vatek/master/vatek_sdk_2/api/core/src/core/ui_props_api.c:239:14:ui_props_write_hal	64	static
D:/vatek/master/vatek_sdk_2/api/core/src/core/ui_props_api.c:261:21:ui_props_get_param	24	static
D:/vatek/master/vatek_sdk_2/api/core/src/core/ui_props_api.c:273:14:ui_props_is_same_param	32	static
D:/vatek/master/vatek_sdk_2/api/core/src/core/ui_props_api.c:284:13:ui_enum_val2str	24	static
D:/vatek/master/vatek_sdk_2/api/core/src/core/ui_props_api.c:296:14:ui_enum_str2val	32	static
D:/vatek/master/vatek_sdk_2/api/core/src/core/ui_props_api.c:311:6:ui_props_printf	104	static
