D:/vatek/master/vatek_bridge_2/api/src/avl68xx_internal.c:18:14:avl_i2c_write	32	static
D:/vatek/master/vatek_bridge_2/api/src/avl68xx_internal.c:26:14:avl_i2c_read	32	static
D:/vatek/master/vatek_bridge_2/api/src/avl68xx_internal.c:34:14:avl_demod_read	40	static
D:/vatek/master/vatek_bridge_2/api/src/avl68xx_internal.c:59:14:avl_demod_read_u8	24	static
D:/vatek/master/vatek_bridge_2/api/src/avl68xx_internal.c:64:14:avl_demod_read_u16	32	static
D:/vatek/master/vatek_bridge_2/api/src/avl68xx_internal.c:75:14:avl_demod_read_u32	32	static
D:/vatek/master/vatek_bridge_2/api/src/avl68xx_internal.c:86:14:avl_demod_write	40	static
D:/vatek/master/vatek_bridge_2/api/src/avl68xx_internal.c:120:14:avl_demod_write_u8	24	static
D:/vatek/master/vatek_bridge_2/api/src/avl68xx_internal.c:128:14:avl_demod_write_u16	24	static
D:/vatek/master/vatek_bridge_2/api/src/avl68xx_internal.c:137:14:avl_demod_write_u32	32	static
D:/vatek/master/vatek_bridge_2/api/src/avl68xx_internal.c:148:6:ChunkAddr_Demod	16	static
D:/vatek/master/vatek_bridge_2/api/src/avl68xx_internal.c:155:22:avl_get_clock	16	static
D:/vatek/master/vatek_bridge_2/api/src/avl68xx_internal.c:187:10:avl_get_adc_clock	16	static
D:/vatek/master/vatek_bridge_2/api/src/avl68xx_internal.c:200:14:avl_set_pll	24	static
D:/vatek/master/vatek_bridge_2/api/src/avl68xx_internal.c:235:14:avl_set_sleep_pll	24	static
D:/vatek/master/vatek_bridge_2/api/src/avl68xx_internal.c:257:14:avl_set_sys_clock	32	static
D:/vatek/master/vatek_bridge_2/api/src/avl68xx_internal.c:285:14:avl_set_mpegts_clock	32	static
D:/vatek/master/vatek_bridge_2/api/src/avl68xx_internal.c:313:14:avl_set_adc_clock	32	static
D:/vatek/master/vatek_bridge_2/api/src/avl68xx_internal.c:342:14:avl_get_family_id	16	static
D:/vatek/master/vatek_bridge_2/api/src/avl68xx_internal.c:348:14:avl_get_chip_id	16	static
D:/vatek/master/vatek_bridge_2/api/src/avl68xx_internal.c:353:14:avl_get_patch_version	16	static
D:/vatek/master/vatek_bridge_2/api/src/avl68xx_internal.c:358:14:avl_check_chip_ready	32	static
D:/vatek/master/vatek_bridge_2/api/src/avl68xx_internal.c:377:17:avl_fw_get_rxop_status	24	static
D:/vatek/master/vatek_bridge_2/api/src/avl68xx_internal.c:388:14:avl_fw_wait_ready	32	static
D:/vatek/master/vatek_bridge_2/api/src/avl68xx_internal.c:406:14:avl_wait_chip_ready	24	static
D:/vatek/master/vatek_bridge_2/api/src/avl68xx_internal.c:419:14:avl_fw_send_rxop	32	static
D:/vatek/master/vatek_bridge_2/api/src/avl68xx_internal.c:436:14:avl_fw_reset	24	static
D:/vatek/master/vatek_bridge_2/api/src/avl68xx_internal.c:448:14:avl_tsout_config	24	static
D:/vatek/master/vatek_bridge_2/api/src/avl68xx_internal.c:457:14:avl_tsout_set_enable	24	static
D:/vatek/master/vatek_bridge_2/api/src/avl68xx_internal.c:464:14:avl_set_tsmode	32	static
D:/vatek/master/vatek_bridge_2/api/src/avl68xx_internal.c:513:14:avl_gpio_config	32	static
D:/vatek/master/vatek_bridge_2/api/src/avl68xx_internal.c:542:14:avl_gpio_get_status	32	static
D:/vatek/master/vatek_bridge_2/api/src/avl68xx_internal.c:588:14:avl_tuner_i2c_config	32	static
D:/vatek/master/vatek_bridge_2/api/src/avl68xx_internal.c:619:14:avl_tuner_i2c_set_enable	32	static
D:/vatek/master/vatek_bridge_2/api/src/avl68xx_internal.c:634:14:avl_agc_config	24	static
