D:/vatek/master/vatek_bridge_2/api/src/avsource_ep9351.c:30:14:ep9351_check_support	16	static
D:/vatek/master/vatek_bridge_2/api/src/avsource_ep9351.c:41:14:ep9351_open	24	static
D:/vatek/master/vatek_bridge_2/api/src/avsource_ep9351.c:55:14:ep9351_config	16	static
D:/vatek/master/vatek_bridge_2/api/src/avsource_ep9351.c:60:14:ep9351_get_status	48	static
D:/vatek/master/vatek_bridge_2/api/src/avsource_ep9351.c:126:14:ep9351_set_output	40	static
D:/vatek/master/vatek_bridge_2/api/src/avsource_ep9351.c:162:6:ep9351_close	24	static
D:/vatek/master/vatek_bridge_2/api/src/avsource_ep9351.c:168:14:ep9351_phy_start	24	static
D:/vatek/master/vatek_bridge_2/api/src/avsource_ep9351.c:219:14:ep9351_source_valid	24	static
D:/vatek/master/vatek_bridge_2/api/src/avsource_ep9351.c:271:14:ep9351_source_output_format	40	static
D:/vatek/master/vatek_bridge_2/api/src/avsource_ep9351.c:304:14:ep9351_hotplug_in_config	24	static
D:/vatek/master/vatek_bridge_2/api/src/avsource_ep9351.c:312:14:ep9351_hotplug_in_set	24	static
D:/vatek/master/vatek_bridge_2/api/src/avsource_ep9351.c:320:14:ep9351_write_one	24	static
D:/vatek/master/vatek_bridge_2/api/src/avsource_ep9351.c:326:14:ep9351_write	32	static
D:/vatek/master/vatek_bridge_2/api/src/avsource_ep9351.c:338:14:ep9351_read	32	static
