D:/vatek/master/vatek_bridge_2/api/src/avsource_sx1804a.c:20:14:h1_check_support	8	static
D:/vatek/master/vatek_bridge_2/api/src/avsource_sx1804a.c:25:14:h1_open	24	static
D:/vatek/master/vatek_bridge_2/api/src/avsource_sx1804a.c:49:14:h1_config	16	static
D:/vatek/master/vatek_bridge_2/api/src/avsource_sx1804a.c:55:14:h1_get_video_info	32	static
D:/vatek/master/vatek_bridge_2/api/src/avsource_sx1804a.c:83:14:h1_set_output_mode	24	static
D:/vatek/master/vatek_bridge_2/api/src/avsource_sx1804a.c:106:14:h1_get_status	32	static
D:/vatek/master/vatek_bridge_2/api/src/avsource_sx1804a.c:224:14:h1_get_audio_info	32	static
D:/vatek/master/vatek_bridge_2/api/src/avsource_sx1804a.c:251:14:h1_set_output	56	static
D:/vatek/master/vatek_bridge_2/api/src/avsource_sx1804a.c:304:6:h1_close	16	static
D:/vatek/master/vatek_bridge_2/api/src/avsource_sx1804a.c:309:14:h1_write_output	24	static
D:/vatek/master/vatek_bridge_2/api/src/avsource_sx1804a.c:412:14:h1_write_output_timing	24	static
D:/vatek/master/vatek_bridge_2/api/src/avsource_sx1804a.c:455:6:h1_set_video_info	32	static
D:/vatek/master/vatek_bridge_2/api/src/avsource_sx1804a.c:472:14:h1_check_link_on	32	static
D:/vatek/master/vatek_bridge_2/api/src/avsource_sx1804a.c:505:14:h1_write_uint16_t	24	static
D:/vatek/master/vatek_bridge_2/api/src/avsource_sx1804a.c:513:14:h1_write	24	static
D:/vatek/master/vatek_bridge_2/api/src/avsource_sx1804a.c:529:14:h1_read	24	static
D:/vatek/master/vatek_bridge_2/api/src/avsource_sx1804a.c:557:14:h1_enable	16	static
