D:/vatek/master/vatek_bridge_2/api/src/avsource_ep9555e.c:34:14:ep9555e_check_support	16	static
D:/vatek/master/vatek_bridge_2/api/src/avsource_ep9555e.c:42:14:ep9555e_open	32	static
D:/vatek/master/vatek_bridge_2/api/src/avsource_ep9555e.c:63:14:ep9555e_config	16	static
D:/vatek/master/vatek_bridge_2/api/src/avsource_ep9555e.c:68:14:ep9555e_get_status	40	static
D:/vatek/master/vatek_bridge_2/api/src/avsource_ep9555e.c:147:14:ep9555e_set_output	32	static
D:/vatek/master/vatek_bridge_2/api/src/avsource_ep9555e.c:182:6:ep9555e_close	24	static
D:/vatek/master/vatek_bridge_2/api/src/avsource_ep9555e.c:188:14:ep9555e_check_source_valid	24	static
D:/vatek/master/vatek_bridge_2/api/src/avsource_ep9555e.c:223:14:ep9555e_write_output_format	32	static
D:/vatek/master/vatek_bridge_2/api/src/avsource_ep9555e.c:257:14:ep9555e_write_output_timing	64	static
D:/vatek/master/vatek_bridge_2/api/src/avsource_ep9555e.c:301:14:ep9555e_write_init	32	static
D:/vatek/master/vatek_bridge_2/api/src/avsource_ep9555e.c:338:14:ep9555e_get_current_resolution	24	static
D:/vatek/master/vatek_bridge_2/api/src/avsource_ep9555e.c:363:14:ep9555e_get_scale_timing	24	static
D:/vatek/master/vatek_bridge_2/api/src/avsource_ep9555e.c:379:6:swip_byte	24	static
D:/vatek/master/vatek_bridge_2/api/src/avsource_ep9555e.c:386:14:ep9555e_read_timing	24	static
D:/vatek/master/vatek_bridge_2/api/src/avsource_ep9555e.c:405:14:ep9555e_write	32	static
D:/vatek/master/vatek_bridge_2/api/src/avsource_ep9555e.c:421:14:ep9555e_write_chip_uint16	24	static
D:/vatek/master/vatek_bridge_2/api/src/avsource_ep9555e.c:435:14:ep9555e_read	32	static
