D:/vatek/master/vatek_bridge_2/api/src/bridge_internal.c:26:10:hal_bridge_get_uint32	24	static
D:/vatek/master/vatek_bridge_2/api/src/bridge_internal.c:36:10:hal_bridge_get_result	64	static
D:/vatek/master/vatek_bridge_2/api/src/bridge_internal.c:67:14:map_bridge_to_buffer	40	static
D:/vatek/master/vatek_bridge_2/api/src/bridge_internal.c:87:14:map_buffer_to_bridge	40	static
D:/vatek/master/vatek_bridge_2/api/src/bridge_internal.c:107:6:bparam_set_str	16	static
D:/vatek/master/vatek_bridge_2/api/src/bridge_internal.c:112:6:bparam_raw_put	24	static
D:/vatek/master/vatek_bridge_2/api/src/bridge_internal.c:117:6:bparam_enum_put	32	static
D:/vatek/master/vatek_bridge_2/api/src/bridge_internal.c:130:6:bparam_uint_put	32	static
D:/vatek/master/vatek_bridge_2/api/src/bridge_internal.c:143:6:bparam_enum_get	32	static
D:/vatek/master/vatek_bridge_2/api/src/bridge_internal.c:152:6:bparam_uint_get	32	static
D:/vatek/master/vatek_bridge_2/api/src/bridge_internal.c:161:6:bparam_raw_get	24	static
D:/vatek/master/vatek_bridge_2/api/src/bridge_internal.c:166:14:bridge_source_get	32	static
D:/vatek/master/vatek_bridge_2/api/src/bridge_internal.c:212:6:bridge_source_reset	24	static
D:/vatek/master/vatek_bridge_2/api/src/bridge_internal.c:231:14:bstorage_start	24	static
D:/vatek/master/vatek_bridge_2/api/src/bridge_internal.c:261:14:bstorage_put	40	static
D:/vatek/master/vatek_bridge_2/api/src/bridge_internal.c:275:14:bstorage_get	32	static
D:/vatek/master/vatek_bridge_2/api/src/bridge_internal.c:288:14:bstorage_stop	24	static
D:/vatek/master/vatek_bridge_2/api/src/bridge_internal.c:308:6:bstorage_reset	24	static
