D:/vatek/master/vatek_bridge_2/api/src/hal_vatek_core.c:20:6:chip_operation_wait	16	static
D:/vatek/master/vatek_bridge_2/api/src/hal_vatek_core.c:31:10:vatek_get_tick_ms	8	static
D:/vatek/master/vatek_bridge_2/api/src/hal_vatek_core.c:36:6:vatek_sleep_ms	16	static
D:/vatek/master/vatek_bridge_2/api/src/hal_vatek_core.c:41:1:vatek_debug_set	16	static
D:/vatek/master/vatek_bridge_2/api/src/hal_vatek_core.c:46:1:vatek_debug_print	28	static
D:/vatek/master/vatek_bridge_2/api/src/hal_vatek_core.c:57:14:vatek_chip_read_register	24	static
D:/vatek/master/vatek_bridge_2/api/src/hal_vatek_core.c:62:14:vatek_chip_write_register	24	static
D:/vatek/master/vatek_bridge_2/api/src/hal_vatek_core.c:67:14:vatek_chip_read_memory	24	static
D:/vatek/master/vatek_bridge_2/api/src/hal_vatek_core.c:72:14:vatek_chip_write_memory	24	static
D:/vatek/master/vatek_bridge_2/api/src/hal_vatek_core.c:77:14:vatek_chip_write_buffer	32	static
D:/vatek/master/vatek_bridge_2/api/src/hal_vatek_core.c:91:14:vatek_chip_read_buffer	32	static
D:/vatek/master/vatek_bridge_2/api/src/hal_vatek_core.c:104:14:chip_i2c_send_read	32	static
D:/vatek/master/vatek_bridge_2/api/src/hal_vatek_core.c:128:14:chip_i2c_send_write	24	static
D:/vatek/master/vatek_bridge_2/api/src/hal_vatek_core.c:145:14:chip_i2c_write	32	static
D:/vatek/master/vatek_bridge_2/api/src/hal_vatek_core.c:157:14:chip_i2c_read	32	static
D:/vatek/master/vatek_bridge_2/api/src/hal_vatek_core.c:169:14:chip_write_buffer_word	24	static
D:/vatek/master/vatek_bridge_2/api/src/hal_vatek_core.c:186:14:chip_read_buffer_word	32	static
