D:/vatek/master/vatek_bridge_2/api/src/hal_bridge_board.c:3:1:hal_system_sleep	16	static
D:/vatek/master/vatek_bridge_2/api/src/hal_bridge_board.c:8:1:hal_system_get_tick	8	static
D:/vatek/master/vatek_bridge_2/api/src/hal_bridge_board.c:13:1:hal_board_open	4	static
D:/vatek/master/vatek_bridge_2/api/src/hal_bridge_board.c:18:1:hal_gpio_config	16	static
D:/vatek/master/vatek_bridge_2/api/src/hal_bridge_board.c:23:1:hal_gpio_enable_interrupt	24	static
D:/vatek/master/vatek_bridge_2/api/src/hal_bridge_board.c:28:1:hal_gpio_disable_interrupt	16	static
D:/vatek/master/vatek_bridge_2/api/src/hal_bridge_board.c:33:1:hal_gpio_set	16	static
D:/vatek/master/vatek_bridge_2/api/src/hal_bridge_board.c:38:1:hal_gpio_get	16	static
D:/vatek/master/vatek_bridge_2/api/src/hal_bridge_board.c:43:1:hal_i2c_config	16	static
D:/vatek/master/vatek_bridge_2/api/src/hal_bridge_board.c:48:1:hal_i2c_check_device	16	static
D:/vatek/master/vatek_bridge_2/api/src/hal_bridge_board.c:53:1:hal_i2c_start	16	static
D:/vatek/master/vatek_bridge_2/api/src/hal_bridge_board.c:58:1:hal_i2c_write	16	static
D:/vatek/master/vatek_bridge_2/api/src/hal_bridge_board.c:63:1:hal_i2c_read	16	static
D:/vatek/master/vatek_bridge_2/api/src/hal_bridge_board.c:68:1:hal_i2c_stop	4	static
D:/vatek/master/vatek_bridge_2/api/src/hal_bridge_board.c:73:1:hal_uart_config	16	static
D:/vatek/master/vatek_bridge_2/api/src/hal_bridge_board.c:78:1:hal_uart_read	16	static
D:/vatek/master/vatek_bridge_2/api/src/hal_bridge_board.c:83:1:hal_uart_write	16	static
D:/vatek/master/vatek_bridge_2/api/src/hal_bridge_board.c:88:1:hal_spi_config	16	static
D:/vatek/master/vatek_bridge_2/api/src/hal_bridge_board.c:93:1:hal_spi_write	16	static
D:/vatek/master/vatek_bridge_2/api/src/hal_bridge_board.c:98:1:hal_spi_read	16	static
D:/vatek/master/vatek_bridge_2/api/src/hal_bridge_board.c:103:1:hal_board_close	4	static
D:/vatek/master/vatek_bridge_2/api/src/hal_bridge_board.c:108:1:hal_storage_lock_section	16	static
D:/vatek/master/vatek_bridge_2/api/src/hal_bridge_board.c:113:1:hal_storage_unlock_section	4	static
D:/vatek/master/vatek_bridge_2/api/src/hal_bridge_board.c:118:1:hal_storage_erase	16	static
D:/vatek/master/vatek_bridge_2/api/src/hal_bridge_board.c:123:1:hal_storage_write	16	static
D:/vatek/master/vatek_bridge_2/api/src/hal_bridge_board.c:128:1:hal_storage_read	16	static
