D:/vatek/master/vatek_bridge_2/api/src/vatek_bridge_2.c:13:14:vatek_bridge_open	24	static
D:/vatek/master/vatek_bridge_2/api/src/vatek_bridge_2.c:55:15:vatek_bridge_get_info	24	static
D:/vatek/master/vatek_bridge_2/api/src/vatek_bridge_2.c:61:14:vatek_bridge_start	24	static
D:/vatek/master/vatek_bridge_2/api/src/vatek_bridge_2.c:72:14:vatek_bridge_polling	48	static
D:/vatek/master/vatek_bridge_2/api/src/vatek_bridge_2.c:145:14:vatek_bridge_stop	24	static
D:/vatek/master/vatek_bridge_2/api/src/vatek_bridge_2.c:158:6:vatek_bridge_close	24	static
D:/vatek/master/vatek_bridge_2/api/src/vatek_bridge_2.c:168:14:vatek_chip_open	32	static
D:/vatek/master/vatek_bridge_2/api/src/vatek_bridge_2.c:182:6:vatek_chip_close	16	static
D:/vatek/master/vatek_bridge_2/api/src/vatek_bridge_2.c:187:6:vatek_source_get_first	24	static
D:/vatek/master/vatek_bridge_2/api/src/vatek_bridge_2.c:193:17:vatek_source_get_next	24	static
D:/vatek/master/vatek_bridge_2/api/src/vatek_bridge_2.c:200:14:bridge_hw_init	16	static
D:/vatek/master/vatek_bridge_2/api/src/vatek_bridge_2.c:219:14:bridge_hw_reset	16	static
D:/vatek/master/vatek_bridge_2/api/src/vatek_bridge_2.c:242:6:bridge_hw_close	8	static
