D:/vatek/master/vatek_bridge_2/boards/stm32/core/src/stm32_hal_board.c:7:6:hal_system_sleep	16	static
D:/vatek/master/vatek_bridge_2/boards/stm32/core/src/stm32_hal_board.c:12:10:hal_system_get_tick	8	static
D:/vatek/master/vatek_bridge_2/boards/stm32/core/src/stm32_hal_board.c:17:14:hal_board_open	16	static
D:/vatek/master/vatek_bridge_2/boards/stm32/core/src/stm32_hal_board.c:37:14:hal_gpio_config	24	static
D:/vatek/master/vatek_bridge_2/boards/stm32/core/src/stm32_hal_board.c:46:14:hal_gpio_enable_interrupt	24	static
D:/vatek/master/vatek_bridge_2/boards/stm32/core/src/stm32_hal_board.c:51:14:hal_gpio_disable_interrupt	16	static
D:/vatek/master/vatek_bridge_2/boards/stm32/core/src/stm32_hal_board.c:56:14:hal_gpio_set	24	static
D:/vatek/master/vatek_bridge_2/boards/stm32/core/src/stm32_hal_board.c:65:14:hal_gpio_get	24	static
D:/vatek/master/vatek_bridge_2/boards/stm32/core/src/stm32_hal_board.c:74:14:hal_i2c_config	24	static
D:/vatek/master/vatek_bridge_2/boards/stm32/core/src/stm32_hal_board.c:83:14:hal_i2c_check_device	16	static
D:/vatek/master/vatek_bridge_2/boards/stm32/core/src/stm32_hal_board.c:88:14:hal_i2c_start	24	static
D:/vatek/master/vatek_bridge_2/boards/stm32/core/src/stm32_hal_board.c:97:14:hal_i2c_write	24	static
D:/vatek/master/vatek_bridge_2/boards/stm32/core/src/stm32_hal_board.c:106:14:hal_i2c_read	24	static
D:/vatek/master/vatek_bridge_2/boards/stm32/core/src/stm32_hal_board.c:115:14:hal_i2c_stop	16	static
D:/vatek/master/vatek_bridge_2/boards/stm32/core/src/stm32_hal_board.c:124:14:hal_uart_config	24	static
D:/vatek/master/vatek_bridge_2/boards/stm32/core/src/stm32_hal_board.c:132:14:hal_uart_read	24	static
D:/vatek/master/vatek_bridge_2/boards/stm32/core/src/stm32_hal_board.c:141:14:hal_uart_write	24	static
D:/vatek/master/vatek_bridge_2/boards/stm32/core/src/stm32_hal_board.c:149:14:hal_spi_config	32	static
D:/vatek/master/vatek_bridge_2/boards/stm32/core/src/stm32_hal_board.c:164:14:hal_spi_write	24	static
D:/vatek/master/vatek_bridge_2/boards/stm32/core/src/stm32_hal_board.c:172:14:hal_spi_read	24	static
D:/vatek/master/vatek_bridge_2/boards/stm32/core/src/stm32_hal_board.c:180:6:hal_board_close	4	static
D:/vatek/master/vatek_bridge_2/boards/stm32/core/src/stm32_hal_board.c:185:14:hal_storage_lock_section	16	static
D:/vatek/master/vatek_bridge_2/boards/stm32/core/src/stm32_hal_board.c:190:6:hal_storage_unlock_section	4	static
D:/vatek/master/vatek_bridge_2/boards/stm32/core/src/stm32_hal_board.c:195:14:hal_storage_erase	16	static
D:/vatek/master/vatek_bridge_2/boards/stm32/core/src/stm32_hal_board.c:200:14:hal_storage_write	16	static
D:/vatek/master/vatek_bridge_2/boards/stm32/core/src/stm32_hal_board.c:205:14:hal_storage_read	16	static
